<html>
<body>
<pre>
<h1>µVision Build Log</h1>
<h2>Project:</h2>
C:\Users\NAO\Desktop\CECS447\CECS447 lab3\UART.uvproj
Project File Date:  10/22/2018

<h2>Output:</h2>
Rebuild target 'UART'
assembling startup.s...
compiling PLL.c...
compiling UART.c...
compiling UARTTestMain.c...
linking...
Program Size: Code=1844 RO-data=32 RW-data=4 ZI-data=1124  
".\UART.axf" - 0 Error(s), 0 Warning(s).
Load "C:\\Users\\NAO\\Desktop\\CECS447\\CECS447 lab3\\UART.axf" 
Connecting: Mode=JTAG, Speed=1000000Hz
Connection failed!, error code=&d
Error: Flash Download failed  -  Target DLL has been cancelled
Load "C:\\Users\\NAO\\Desktop\\CECS447\\CECS447 lab3\\UART.axf" 
Connecting: Mode=JTAG, Speed=1000000Hz
Erase Done.
Programming Done.
Verify OK.
</pre>
</body>
</html>
